Traceback (most recent call last):
  File "/home/danbot/code/2025/divergence_prediction/.venv/lib/python3.12/site-packages/jupyter_cache/executors/utils.py", line 58, in single_nb_execution
    executenb(
  File "/home/danbot/code/2025/divergence_prediction/.venv/lib/python3.12/site-packages/nbclient/client.py", line 1323, in execute
    return NotebookClient(nb=nb, resources=resources, km=km, **kwargs).execute()
           ^^^^^^^^^^^^^^^^^^^^^^^^^^^^^^^^^^^^^^^^^^^^^^^^^^^^^^^^^^^^^^^^^^^^^
  File "/home/danbot/code/2025/divergence_prediction/.venv/lib/python3.12/site-packages/jupyter_core/utils/__init__.py", line 165, in wrapped
    return loop.run_until_complete(inner)
           ^^^^^^^^^^^^^^^^^^^^^^^^^^^^^^
  File "/usr/lib/python3.12/asyncio/base_events.py", line 687, in run_until_complete
    return future.result()
           ^^^^^^^^^^^^^^^
  File "/home/danbot/code/2025/divergence_prediction/.venv/lib/python3.12/site-packages/nbclient/client.py", line 709, in async_execute
    await self.async_execute_cell(
  File "/home/danbot/code/2025/divergence_prediction/.venv/lib/python3.12/site-packages/nbclient/client.py", line 1062, in async_execute_cell
    await self._check_raise_for_error(cell, cell_index, exec_reply)
  File "/home/danbot/code/2025/divergence_prediction/.venv/lib/python3.12/site-packages/nbclient/client.py", line 918, in _check_raise_for_error
    raise CellExecutionError.from_cell_and_msg(cell, exec_reply_content)
nbclient.exceptions.CellExecutionError: An error occurred while executing the following cell:
------------------
from multiprocessing import Pool
from functools import partial

import os, sys
import pandas as pd
import geopandas as gpd
import json
import numpy as np
import xarray as xr
from shapely import Point

from pathlib import Path
from bokeh.plotting import figure, show, gridplot
from bokeh.io import output_notebook
import numpy as np
output_notebook()

from scipy.stats import linregress

# Add repo root to path
repo_root = Path(os.getcwd()).parent
if str(repo_root) not in sys.path:
    sys.path.insert(0, str(repo_root))

from config import Config

from utils.kde_estimator import KDEEstimator
import utils.data_processing_functions as dpf

BASE_DIR = Path(os.getcwd())

# update this to the path where you stored `HYSETS_2023_update_QC_stations.nc`
HYSETS_DIR = Path('/home/danbot/code/common_data/HYSETS')

------------------


[31m---------------------------------------------------------------------------[39m
[31mModuleNotFoundError[39m                       Traceback (most recent call last)
[36mCell[39m[36m [39m[32mIn[1][39m[32m, line 27[39m
[32m     23[39m     sys.path.insert([32m0[39m, str(repo_root))
[32m     24[39m 
[32m     25[39m [38;5;28;01mfrom[39;00m config [38;5;28;01mimport[39;00m Config
[32m     26[39m 
[32m---> [39m[32m27[39m [38;5;28;01mfrom[39;00m utils.kde_estimator [38;5;28;01mimport[39;00m KDEEstimator
[32m     28[39m [38;5;28;01mimport[39;00m utils.data_processing_functions [38;5;28;01mas[39;00m dpf
[32m     29[39m 
[32m     30[39m BASE_DIR = Path(os.getcwd())

[36mFile [39m[32m~/code/2025/divergence_prediction/divergence_prediction/notebooks/utils/kde_estimator.py:7[39m
[32m      5[39m [38;5;28;01mimport[39;00m[38;5;250m [39m[34;01mjax[39;00m[34;01m.[39;00m[34;01mnumpy[39;00m[38;5;250m [39m[38;5;28;01mas[39;00m[38;5;250m [39m[34;01mjnp[39;00m
[32m      6[39m [38;5;28;01mimport[39;00m[38;5;250m [39m[34;01mnumpy[39;00m[38;5;250m [39m[38;5;28;01mas[39;00m[38;5;250m [39m[34;01mnp[39;00m
[32m----> [39m[32m7[39m [38;5;28;01mfrom[39;00m[38;5;250m [39m[34;01mKDEpy[39;00m[38;5;250m [39m[38;5;28;01mimport[39;00m FFTKDE  [38;5;66;03m# Fastest 1D algorithm[39;00m
[32m     10[39m [38;5;66;03m# ---------- Kernel Functions ----------[39;00m
[32m     12[39m [38;5;129m@jax[39m.jit
[32m     13[39m [38;5;28;01mdef[39;00m[38;5;250m [39m[34mgaussian_kernel[39m(u):

[31mModuleNotFoundError[39m: No module named 'KDEpy'

