Traceback (most recent call last):
  File "/home/danbot/code/2025/divergence_prediction/.venv/lib/python3.12/site-packages/jupyter_cache/executors/utils.py", line 58, in single_nb_execution
    executenb(
  File "/home/danbot/code/2025/divergence_prediction/.venv/lib/python3.12/site-packages/nbclient/client.py", line 1323, in execute
    return NotebookClient(nb=nb, resources=resources, km=km, **kwargs).execute()
           ^^^^^^^^^^^^^^^^^^^^^^^^^^^^^^^^^^^^^^^^^^^^^^^^^^^^^^^^^^^^^^^^^^^^^
  File "/home/danbot/code/2025/divergence_prediction/.venv/lib/python3.12/site-packages/jupyter_core/utils/__init__.py", line 165, in wrapped
    return loop.run_until_complete(inner)
           ^^^^^^^^^^^^^^^^^^^^^^^^^^^^^^
  File "/usr/lib/python3.12/asyncio/base_events.py", line 687, in run_until_complete
    return future.result()
           ^^^^^^^^^^^^^^^
  File "/home/danbot/code/2025/divergence_prediction/.venv/lib/python3.12/site-packages/nbclient/client.py", line 709, in async_execute
    await self.async_execute_cell(
  File "/home/danbot/code/2025/divergence_prediction/.venv/lib/python3.12/site-packages/nbclient/client.py", line 1062, in async_execute_cell
    await self._check_raise_for_error(cell, cell_index, exec_reply)
  File "/home/danbot/code/2025/divergence_prediction/.venv/lib/python3.12/site-packages/nbclient/client.py", line 918, in _check_raise_for_error
    raise CellExecutionError.from_cell_and_msg(cell, exec_reply_content)
nbclient.exceptions.CellExecutionError: An error occurred while executing the following cell:
------------------
from bokeh.palettes import Category10_10
colours = Category10_10

def compute_empirical_cdf(data):
    percentiles = np.linspace(0, 100, 200)
    # sorted_data = np.sort(data)
    sorted_data = np.percentile(data, percentiles)
    # cdf = np.arange(1, len(sorted_data) + 1) / len(sorted_data)
    cdf = percentiles / 100.0
    return sorted_data, cdf

plots = []


kld_distribution_plot = figure(
    title=r'$$D_{KL}(\text{KDE}||\text{Discrete})$$', x_axis_type='log', width=600, height=350
    )

b = 8
# hide_y = False
# kld_pairs_fpath = Path(BASE_DIR) / 'data' / 'kld_batches' / f'kld_results_{b}bits_{revision_date}.csv'
kld_folder = Path(BASE_DIR) / 'data' / 'kld_batches' / f'{b}_bits' 
# kld_pairs_fpath = kld_folder / f'discrete_vs_kde_KLDs_{b}.csv'
kld_pairs_fpath = kld_folder / f'pairwise_kld_{b}_bits_kde.csv'
kl_df = pd.read_csv(kld_pairs_fpath)

# count nan values in the kld column
edge_midpoints, hist = compute_empirical_cdf(kl_df['kld'].values)
kld_distribution_plot.line(x=edge_midpoints, y=hist, line_color=colours[i], 
                        line_width=2.5, alpha=0.5, legend_label=f'{b} bits')
kld_distribution_plot.legend.click_policy = "hide"
kld_distribution_plot.xaxis.axis_label = r'$$D_{KL}(P || Q)$$'
kld_distribution_plot.yaxis.axis_label = r'$$\text{Density}$$'
kld_distribution_plot.legend.location = 'top_left'
kld_distribution_plot.legend.background_fill_alpha = 0.5


------------------

----- stderr -----
/tmp/ipykernel_15714/1907162308.py:25: DtypeWarning: Columns (0: target) have mixed types. Specify dtype option on import or set low_memory=False.
  kl_df = pd.read_csv(kld_pairs_fpath)
------------------

[31m---------------------------------------------------------------------------[39m
[31mNameError[39m                                 Traceback (most recent call last)
[36mCell[39m[36m [39m[32mIn[15][39m[32m, line 29[39m
[32m     25[39m kl_df = pd.read_csv(kld_pairs_fpath)
[32m     26[39m 
[32m     27[39m [38;5;66;03m# count nan values in the kld column[39;00m
[32m     28[39m edge_midpoints, hist = compute_empirical_cdf(kl_df[[33m'kld'[39m].values)
[32m---> [39m[32m29[39m kld_distribution_plot.line(x=edge_midpoints, y=hist, line_color=colours[i], 
[32m     30[39m                         line_width=[32m2.5[39m, alpha=[32m0.5[39m, legend_label=f'{b} bits')
[32m     31[39m kld_distribution_plot.legend.click_policy = [33m"hide"[39m
[32m     32[39m kld_distribution_plot.xaxis.axis_label = [33mr'$$D_{KL}(P || Q)$$'[39m

[31mNameError[39m: name 'i' is not defined

